#
# A fatal error has been detected by the Java Runtime Environment:
#
#  EXCEPTION_ACCESS_VIOLATION (0xc0000005) at pc=0x00007ff8370af8a6, pid=5004, tid=11448
#
# JRE version: OpenJDK Runtime Environment (21.0.6) (build 21.0.6+-13391695-b895.109)
# Java VM: OpenJDK 64-Bit Server VM (21.0.6+-13391695-b895.109, mixed mode, tiered, compressed oops, compressed class ptrs, g1 gc, windows-amd64)
# Problematic frame:
# V  [jvm.dll+0x1df8a6]
#
# No core dump will be written. Minidumps are not enabled by default on client versions of Windows
#
# If you would like to submit a bug report, please visit:
#   https://youtrack.jetbrains.com/issues/JBR
#

---------------  S U M M A R Y ------------

Command Line: --add-opens=java.base/java.lang=ALL-UNNAMED --add-opens=java.base/java.lang.invoke=ALL-UNNAMED --add-opens=java.base/java.util=ALL-UNNAMED --add-opens=java.prefs/java.util.prefs=ALL-UNNAMED --add-exports=jdk.compiler/com.sun.tools.javac.api=ALL-UNNAMED --add-exports=jdk.compiler/com.sun.tools.javac.util=ALL-UNNAMED --add-opens=java.base/java.util=ALL-UNNAMED --add-opens=java.prefs/java.util.prefs=ALL-UNNAMED --add-opens=java.base/java.nio.charset=ALL-UNNAMED --add-opens=java.base/java.net=ALL-UNNAMED --add-opens=java.base/java.util.concurrent.atomic=ALL-UNNAMED --add-opens=java.xml/javax.xml.namespace=ALL-UNNAMED -Xmx2048m -Dfile.encoding=UTF-8 -Duser.country=RU -Duser.language=ru -Duser.variant -javaagent:C:\Users\Admin\.gradle\wrapper\dists\gradle-9.0-milestone-1-bin\3vdepk4s12bybhohyuvjcm1bd\gradle-9.0-milestone-1\lib\agents\gradle-instrumentation-agent-9.0.jar org.gradle.launcher.daemon.bootstrap.GradleDaemon 9.0-milestone-1

Host: 12th Gen Intel(R) Core(TM) i5-12400F, 6 cores, 15G,  Windows 10 , 64 bit Build 19041 (10.0.19041.5915)
Time: Wed Jul 23 21:35:56 2025 RTZ 2 (s 10 , 64 bit Build 19041 (10.0.19041.5915) elapsed time: 2.660722 seconds (0d 0h 0m 2s)

---------------  T H R E A D  ---------------

Current thread (0x000001dcb60107a0):  JavaThread "C2 CompilerThread1" daemon [_thread_in_native, id=11448, stack(0x0000001ef7100000,0x0000001ef7200000) (1024K)]


Current CompileTask:
C2:2660 2850   !   4       java.net.URLClassLoader::findClass (47 bytes)

Stack: [0x0000001ef7100000,0x0000001ef7200000],  sp=0x0000001ef71fc9a0,  free space=1010k
Native frames: (J=compiled Java code, j=interpreted, Vv=VM code, C=native code)
V  [jvm.dll+0x1df8a6]
V  [jvm.dll+0x1deeaf]
V  [jvm.dll+0x1de915]
V  [jvm.dll+0x247dd4]
V  [jvm.dll+0x247251]
V  [jvm.dll+0x1c5f04]
V  [jvm.dll+0x2569ac]
V  [jvm.dll+0x254ef6]
V  [jvm.dll+0x3f0e96]
V  [jvm.dll+0x806ed8]
V  [jvm.dll+0x6cef0d]
C  [ucrtbase.dll+0x21bb2]
C  [KERNEL32.DLL+0x17374]
C  [ntdll.dll+0x4cc91]


siginfo: EXCEPTION_ACCESS_VIOLATION (0xc0000005), reading address 0x000001db9e66d770


Registers:
RAX=0xffffffffb947f7f0, RBX=0x000001dcbaafdd60, RCX=0x00000000b947f7f0, RDX=0x0000000000004000
RSP=0x0000001ef71fc9a0, RBP=0x0000001ef71fca39, RSI=0xffffffffffffffff, RDI=0x0000001ef71fcfd0
R8 =0x000001dcb946f7b0, R9 =0x00000000b947f7f0, R10=0x000000000000000b, R11=0x000001dcbaafdd98
R12=0x000000000006ebe0, R13=0x0000001ef71fcfd0, R14=0x0000000000000000, R15=0x000001dcbaafdd60
RIP=0x00007ff8370af8a6, EFLAGS=0x0000000000010286

XMM[0]=0x0000000000000000 0x0000000000000000
XMM[1]=0x0000000a00000000 0xffffffffffffffff
XMM[2]=0x0000000000000000 0x4007fa0ba027e7f4
XMM[3]=0x0000000000000000 0x3fdff80f80353546
XMM[4]=0x0000000000000000 0x3feff80f80353545
XMM[5]=0x0000000000000000 0x3fdff80b3a240417
XMM[6]=0x0000000000000000 0x0000000000000000
XMM[7]=0x0000000000000000 0x0000000000000000
XMM[8]=0x0000000000000000 0x0000000000000000
XMM[9]=0x0000000000000000 0x0000000000000000
XMM[10]=0x0000000000000000 0x0000000000000000
XMM[11]=0x0000000000000000 0x0000000000000000
XMM[12]=0x0000000000000000 0x0000000000000000
XMM[13]=0x0000000000000000 0x0000000000000000
XMM[14]=0x0000000000000000 0x0000000000000000
XMM[15]=0x0000000000000000 0x0000000000000000
  MXCSR=0x00001fa0


Register to memory mapping:

RAX=0xffffffffb947f7f0 is an unknown value
RBX=0x000001dcbaafdd60 points into unknown readable memory: 0x38aa95a5c0000000 | 00 00 00 c0 a5 95 aa 38
RCX=0x00000000b947f7f0 is an unallocated location in the heap
RDX=0x0000000000004000 is an unknown value
RSP=0x0000001ef71fc9a0 is pointing into the stack for thread: 0x000001dcb60107a0
RBP=0x0000001ef71fca39 is pointing into the stack for thread: 0x000001dcb60107a0
RSI=0xffffffffffffffff is an unknown value
RDI=0x0000001ef71fcfd0 is pointing into the stack for thread: 0x000001dcb60107a0
R8 =0x000001dcb946f7b0 points into unknown readable memory: 0x0000000100000000 | 00 00 00 00 01 00 00 00
R9 =0x00000000b947f7f0 is an unallocated location in the heap
R10=0x000000000000000b is an unknown value
R11=0x000001dcbaafdd98 points into unknown readable memory: 0x0000000000000000 | 00 00 00 00 00 00 00 00
R12=0x000000000006ebe0 is an unknown value
R13=0x0000001ef71fcfd0 is pointing into the stack for thread: 0x000001dcb60107a0
R14=0x0 is null
R15=0x000001dcbaafdd60 points into unknown readable memory: 0x38aa95a5c0000000 | 00 00 00 c0 a5 95 aa 38

Top of Stack: (sp=0x0000001ef71fc9a0)
0x0000001ef71fc9a0:   000000000000000a 0000001ef71fcfd0
0x0000001ef71fc9b0:   0000000000000000 0000000200000860
0x0000001ef71fc9c0:   0000000005145455 0000000000000000
0x0000001ef71fc9d0:   0000000000000000 0000000000000000
0x0000001ef71fc9e0:   0000000000000000 0000000000000000
0x0000001ef71fc9f0:   0000000000002250 00007ff83728b384
0x0000001ef71fca00:   0000000000000000 0000000000000000
0x0000001ef71fca10:   0000000000000000 0000000000000000
0x0000001ef71fca20:   000001dcb1fb0a70 00007ff8372866a7
0x0000001ef71fca30:   ffffffffffffffff 0000000000000b13
0x0000001ef71fca40:   0000000000000000 0000000000000000
0x0000001ef71fca50:   0000000000000000 000000020000225d
0x0000001ef71fca60:   0000002300000023 000001dcb6f02120
0x0000001ef71fca70:   000001dcb840bcb0 000001dcb1ec7c30
0x0000001ef71fca80:   0000000000000000 0000000000000002
0x0000001ef71fca90:   0000000000000000 00007ff8370aeeaf
0x0000001ef71fcaa0:   ffffffffffffffff 000001dcbaafdd60
0x0000001ef71fcab0:   000001dcbaafdd98 00007ff837814e28
0x0000001ef71fcac0:   0000000000000000 000000020000225d
0x0000001ef71fcad0:   0000002300000023 000001dcb6f02120
0x0000001ef71fcae0:   000001dcb840bcb0 000001dcb1ec7c30
0x0000001ef71fcaf0:   0000000000000000 0000000000000000
0x0000001ef71fcb00:   0000000000000000 0000000000000000
0x0000001ef71fcb10:   0000000000000000 00007ff837814e38
0x0000001ef71fcb20:   0000000000000000 0000000000000000
0x0000001ef71fcb30:   0000000000000000 00007ff837814e38
0x0000001ef71fcb40:   0000000000000000 0000000000000000
0x0000001ef71fcb50:   000001dcb62ecc10 00000000000003d8
0x0000001ef71fcb60:   000001dcb62ecc20 0000000000000000
0x0000001ef71fcb70:   000001dcb62ecff8 0000001ef71fcc90
0x0000001ef71fcb80:   0000001ef71fcfd0 00007ff8370ae915
0x0000001ef71fcb90:   000001dc0000752f ffffffffffffffff 

Instructions: (pc=0x00007ff8370af8a6)
0x00007ff8370af7a6:   4c 89 5d 93 45 8b 79 04 44 89 7d 9b 4c 89 45 9f
0x00007ff8370af7b6:   49 8b 41 08 48 89 45 a7 4c 89 4d af 4d 85 c0 74
0x00007ff8370af7c6:   1c 49 0f bc c0 8b c8 49 d3 e8 49 ff c8 44 03 d0
0x00007ff8370af7d6:   4c 89 45 87 44 89 55 8f 41 8b c2 eb 2b 41 83 fb
0x00007ff8370af7e6:   04 72 09 41 3b f7 0f 83 8e 00 00 00 48 8d 4d 87
0x00007ff8370af7f6:   e8 b5 b9 1d 00 44 8b 5d 93 44 8b 55 8f 4c 8b 45
0x00007ff8370af806:   87 44 8b 7d 9b 8b 75 97 85 c0 74 6e 8b c0 48 69
0x00007ff8370af816:   d0 b0 00 00 00 48 8b 47 70 48 8b 48 20 44 8b 4c
0x00007ff8370af826:   0a 30 45 3b ce 7c 95 41 8d 86 c0 02 00 00 44 3b
0x00007ff8370af836:   c8 7d 89 41 8b d1 41 2b d6 8b c2 83 e0 3f 0f b6
0x00007ff8370af846:   c8 8b c2 48 c1 e8 06 48 8b 44 c3 38 48 0f a3 c8
0x00007ff8370af856:   0f 83 66 ff ff ff 0f b7 83 9c 00 00 00 83 f8 01
0x00007ff8370af866:   74 10 8d 50 ff 8b ca 41 23 c9 3b ca 0f 85 4a ff
0x00007ff8370af876:   ff ff 41 8b c1 e9 80 02 00 00 48 63 53 24 4c 8b
0x00007ff8370af886:   87 f0 00 00 00 45 8b 0c 90 44 3b ca 74 45 0f 1f
0x00007ff8370af896:   40 00 0f 1f 84 00 00 00 00 00 41 8b c9 49 63 c1
0x00007ff8370af8a6:   45 8b 0c 80 44 3b c9 75 f1 41 3b d1 74 22 0f 1f
0x00007ff8370af8b6:   40 00 0f 1f 84 00 00 00 00 00 48 8b 87 f0 00 00
0x00007ff8370af8c6:   00 48 63 ca 8b 14 88 44 89 0c 88 41 3b d1 75 ea
0x00007ff8370af8d6:   44 8b ca 45 85 c9 0f 84 2e 01 00 00 4c 8b 57 70
0x00007ff8370af8e6:   41 8b c1 c1 e8 05 49 8b 52 38 3b 02 0f 83 90 01
0x00007ff8370af8f6:   00 00 48 8b 52 08 41 8b c9 83 e1 1f 8b 04 82 0f
0x00007ff8370af906:   a3 c8 0f 83 7a 01 00 00 45 85 f6 0f 85 f9 00 00
0x00007ff8370af916:   00 0f 10 43 38 41 8b c1 0f 10 4b 48 0f 29 45 87
0x00007ff8370af926:   0f 10 43 58 0f 29 4d 97 0f 10 4b 68 0f 29 45 a7
0x00007ff8370af936:   0f 10 43 78 0f 29 4d b7 0f 10 8b 88 00 00 00 0f
0x00007ff8370af946:   29 45 c7 4c 69 c0 b0 00 00 00 66 0f 6f c1 0f 29
0x00007ff8370af956:   4d d7 66 0f 73 d8 08 66 0f 73 d9 0c 66 0f 7e c2
0x00007ff8370af966:   66 0f 7e c9 4d 03 42 20 3b d1 77 1d 49 8b 44 d0
0x00007ff8370af976:   38 48 8d 4d 87 48 21 04 d1 48 8d 0c d1 8b 4d e3
0x00007ff8370af986:   ff c2 3b d1 76 e6 8b 55 df 41 3b 90 90 00 00 00
0x00007ff8370af996:   41 0f 42 90 90 00 00 00 89 55 df 41 3b 88 94 00 


Stack slot to memory mapping:

stack at sp + 0 slots: 0x000000000000000a is an unknown value
stack at sp + 1 slots: 0x0000001ef71fcfd0 is pointing into the stack for thread: 0x000001dcb60107a0
stack at sp + 2 slots: 0x0 is null
stack at sp + 3 slots: 0x0000000200000860 is an unknown value
stack at sp + 4 slots: 0x0000000005145455 is an unknown value
stack at sp + 5 slots: 0x0 is null
stack at sp + 6 slots: 0x0 is null
stack at sp + 7 slots: 0x0 is null


---------------  P R O C E S S  ---------------

Threads class SMR info:
_java_thread_list=0x000001dcb7f25200, length=25, elements={
0x000001dc982517e0, 0x000001dcb18f2540, 0x000001dcb18f3450, 0x000001dcb190ef10,
0x000001dcb190f960, 0x000001dcb18db2f0, 0x000001dcb1917fe0, 0x000001dcb18dc360,
0x000001dcb18e02f0, 0x000001dcb1a5bc50, 0x000001dcb1a5c2e0, 0x000001dcb60107a0,
0x000001dcb1a5d000, 0x000001dcb1a59b80, 0x000001dcb1a5a210, 0x000001dcb1a5af30,
0x000001dcb1a5a8a0, 0x000001dcb1a5b5c0, 0x000001dcb7afd380, 0x000001dcb7b02240,
0x000001dcb7b028d0, 0x000001dcb7afccf0, 0x000001dcb7b00800, 0x000001dcb7afbfd0,
0x000001dcb7aff450
}

Java Threads: ( => current thread )
  0x000001dc982517e0 JavaThread "main"                              [_thread_blocked, id=11328, stack(0x0000001ef5a00000,0x0000001ef5b00000) (1024K)]
  0x000001dcb18f2540 JavaThread "Reference Handler"          daemon [_thread_blocked, id=11364, stack(0x0000001ef6200000,0x0000001ef6300000) (1024K)]
  0x000001dcb18f3450 JavaThread "Finalizer"                  daemon [_thread_blocked, id=11368, stack(0x0000001ef6300000,0x0000001ef6400000) (1024K)]
  0x000001dcb190ef10 JavaThread "Signal Dispatcher"          daemon [_thread_blocked, id=11372, stack(0x0000001ef6400000,0x0000001ef6500000) (1024K)]
  0x000001dcb190f960 JavaThread "Attach Listener"            daemon [_thread_blocked, id=11376, stack(0x0000001ef6500000,0x0000001ef6600000) (1024K)]
  0x000001dcb18db2f0 JavaThread "Service Thread"             daemon [_thread_blocked, id=11380, stack(0x0000001ef6600000,0x0000001ef6700000) (1024K)]
  0x000001dcb1917fe0 JavaThread "Monitor Deflation Thread"   daemon [_thread_blocked, id=11384, stack(0x0000001ef6700000,0x0000001ef6800000) (1024K)]
  0x000001dcb18dc360 JavaThread "C2 CompilerThread0"         daemon [_thread_in_native, id=11388, stack(0x0000001ef6800000,0x0000001ef6900000) (1024K)]
  0x000001dcb18e02f0 JavaThread "C1 CompilerThread0"         daemon [_thread_blocked, id=11392, stack(0x0000001ef6900000,0x0000001ef6a00000) (1024K)]
  0x000001dcb1a5bc50 JavaThread "Common-Cleaner"             daemon [_thread_blocked, id=11396, stack(0x0000001ef6a00000,0x0000001ef6b00000) (1024K)]
  0x000001dcb1a5c2e0 JavaThread "Notification Thread"        daemon [_thread_blocked, id=11404, stack(0x0000001ef6b00000,0x0000001ef6c00000) (1024K)]
=>0x000001dcb60107a0 JavaThread "C2 CompilerThread1"         daemon [_thread_in_native, id=11448, stack(0x0000001ef7100000,0x0000001ef7200000) (1024K)]
  0x000001dcb1a5d000 JavaThread "Daemon health stats"               [_thread_blocked, id=11452, stack(0x0000001ef7200000,0x0000001ef7300000) (1024K)]
  0x000001dcb1a59b80 JavaThread "Incoming local TCP Connector on port 49842"        [_thread_in_native, id=11456, stack(0x0000001ef7300000,0x0000001ef7400000) (1024K)]
  0x000001dcb1a5a210 JavaThread "Daemon periodic checks"            [_thread_blocked, id=11464, stack(0x0000001ef7400000,0x0000001ef7500000) (1024K)]
  0x000001dcb1a5af30 JavaThread "Daemon"                            [_thread_blocked, id=11468, stack(0x0000001ef7500000,0x0000001ef7600000) (1024K)]
  0x000001dcb1a5a8a0 JavaThread "Handler for socket connection from /127.0.0.1:49842 to /127.0.0.1:49844"        [_thread_in_native, id=11472, stack(0x0000001ef7600000,0x0000001ef7700000) (1024K)]
  0x000001dcb1a5b5c0 JavaThread "Cancel handler"                    [_thread_blocked, id=11476, stack(0x0000001ef7700000,0x0000001ef7800000) (1024K)]
  0x000001dcb7afd380 JavaThread "Daemon worker"                     [_thread_in_native, id=11480, stack(0x0000001ef7800000,0x0000001ef7900000) (1024K)]
  0x000001dcb7b02240 JavaThread "Asynchronous log dispatcher for DefaultDaemonConnection: socket connection from /127.0.0.1:49842 to /127.0.0.1:49844"        [_thread_blocked, id=11484, stack(0x0000001ef7900000,0x0000001ef7a00000) (1024K)]
  0x000001dcb7b028d0 JavaThread "Stdin handler"                     [_thread_blocked, id=11488, stack(0x0000001ef7a00000,0x0000001ef7b00000) (1024K)]
  0x000001dcb7afccf0 JavaThread "Daemon client event forwarder"        [_thread_blocked, id=11492, stack(0x0000001ef7b00000,0x0000001ef7c00000) (1024K)]
  0x000001dcb7b00800 JavaThread "Cache worker for journal cache (C:\Users\Admin\.gradle\caches\journal-1)"        [_thread_blocked, id=11512, stack(0x0000001ef7d00000,0x0000001ef7e00000) (1024K)]
  0x000001dcb7afbfd0 JavaThread "File lock request listener"        [_thread_in_native, id=11516, stack(0x0000001ef7e00000,0x0000001ef7f00000) (1024K)]
  0x000001dcb7aff450 JavaThread "Cache worker for file hash cache (C:\Users\Admin\.gradle\caches\9.0-milestone-1\fileHashes)"        [_thread_blocked, id=11520, stack(0x0000001ef7f00000,0x0000001ef8000000) (1024K)]
Total: 25

Other Threads:
  0x000001dcb17cb130 VMThread "VM Thread"                           [id=11360, stack(0x0000001ef6100000,0x0000001ef6200000) (1024K)]
  0x000001dcb1772a60 WatcherThread "VM Periodic Task Thread"        [id=11356, stack(0x0000001ef6000000,0x0000001ef6100000) (1024K)]
  0x000001dc9831d070 WorkerThread "GC Thread#0"                     [id=11336, stack(0x0000001ef5b00000,0x0000001ef5c00000) (1024K)]
  0x000001dcb613e960 WorkerThread "GC Thread#1"                     [id=11408, stack(0x0000001ef6c00000,0x0000001ef6d00000) (1024K)]
  0x000001dcb613ed00 WorkerThread "GC Thread#2"                     [id=11412, stack(0x0000001ef6d00000,0x0000001ef6e00000) (1024K)]
  0x000001dcb61a4a80 WorkerThread "GC Thread#3"                     [id=11416, stack(0x0000001ef6e00000,0x0000001ef6f00000) (1024K)]
  0x000001dcb61a4e20 WorkerThread "GC Thread#4"                     [id=11420, stack(0x0000001ef6f00000,0x0000001ef7000000) (1024K)]
  0x000001dcb61a51c0 WorkerThread "GC Thread#5"                     [id=11424, stack(0x0000001ef7000000,0x0000001ef7100000) (1024K)]
  0x000001dc9a558150 ConcurrentGCThread "G1 Main Marker"            [id=11340, stack(0x0000001ef5c00000,0x0000001ef5d00000) (1024K)]
  0x000001dc9a558b60 WorkerThread "G1 Conc#0"                       [id=11344, stack(0x0000001ef5d00000,0x0000001ef5e00000) (1024K)]
  0x000001dcb7116fa0 WorkerThread "G1 Conc#1"                       [id=11508, stack(0x0000001ef7c00000,0x0000001ef7d00000) (1024K)]
  0x000001dcb16c56d0 ConcurrentGCThread "G1 Refine#0"               [id=11348, stack(0x0000001ef5e00000,0x0000001ef5f00000) (1024K)]
  0x000001dcb16c5ef0 ConcurrentGCThread "G1 Service"                [id=11352, stack(0x0000001ef5f00000,0x0000001ef6000000) (1024K)]
Total: 13

Threads with active compile tasks:
C2 CompilerThread0  2676 2919       4       java.net.URLClassLoader$1::run (5 bytes)
C2 CompilerThread1  2676 2850   !   4       java.net.URLClassLoader::findClass (47 bytes)
Total: 2

VM state: not at safepoint (normal execution)

VM Mutex/Monitor currently owned by a thread: None

Heap address: 0x0000000080000000, size: 2048 MB, Compressed Oops mode: 32-bit

CDS archive(s) not mapped
Compressed class space mapped at: 0x0000000100000000-0x0000000140000000, reserved size: 1073741824
Narrow klass base: 0x0000000000000000, Narrow klass shift: 3, Narrow klass range: 0x140000000

GC Precious Log:
 CardTable entry size: 512
 Card Set container configuration: InlinePtr #cards 5 size 8 Array Of Cards #cards 12 size 40 Howl #buckets 4 coarsen threshold 1843 Howl Bitmap #cards 512 size 80 coarsen threshold 460 Card regions per heap region 1 cards per card region 2048
 CPUs: 6 total, 6 available
 Memory: 16383M
 Large Page Support: Disabled
 NUMA Support: Disabled
 Compressed Oops: Enabled (32-bit)
 Heap Region Size: 1M
 Heap Min Capacity: 8M
 Heap Initial Capacity: 256M
 Heap Max Capacity: 2G
 Pre-touch: Disabled
 Parallel Workers: 6
 Concurrent Workers: 2
 Concurrent Refinement Workers: 6
 Periodic GC: Disabled

Heap:
 garbage-first heap   total 68608K, used 27107K [0x0000000080000000, 0x0000000100000000)
  region size 1024K, 8 young (8192K), 4 survivors (4096K)
 Metaspace       used 30631K, committed 31296K, reserved 1114112K
  class space    used 3958K, committed 4288K, reserved 1048576K

Heap Regions: E=young(eden), S=young(survivor), O=old, HS=humongous(starts), HC=humongous(continues), CS=collection set, F=free, TAMS=top-at-mark-start, PB=parsable bottom
|   0|0x0000000080000000, 0x0000000080100000, 0x0000000080100000|100%|HS|  |TAMS 0x0000000080000000| PB 0x0000000080000000| Complete 
|   1|0x0000000080100000, 0x0000000080200000, 0x0000000080200000|100%|HC|  |TAMS 0x0000000080100000| PB 0x0000000080100000| Complete 
|   2|0x0000000080200000, 0x0000000080300000, 0x0000000080300000|100%|HC|  |TAMS 0x0000000080200000| PB 0x0000000080200000| Complete 
|   3|0x0000000080300000, 0x0000000080400000, 0x0000000080400000|100%| O|  |TAMS 0x0000000080300000| PB 0x0000000080300000| Untracked 
|   4|0x0000000080400000, 0x0000000080500000, 0x0000000080500000|100%| O|  |TAMS 0x0000000080400000| PB 0x0000000080400000| Untracked 
|   5|0x0000000080500000, 0x0000000080500000, 0x0000000080600000|  0%| F|  |TAMS 0x0000000080500000| PB 0x0000000080500000| Untracked 
|   6|0x0000000080600000, 0x0000000080700000, 0x0000000080700000|100%|HS|  |TAMS 0x0000000080600000| PB 0x0000000080600000| Complete 
|   7|0x0000000080700000, 0x0000000080800000, 0x0000000080800000|100%| O|  |TAMS 0x0000000080700000| PB 0x0000000080700000| Untracked 
|   8|0x0000000080800000, 0x0000000080900000, 0x0000000080900000|100%| O|  |TAMS 0x0000000080800000| PB 0x0000000080800000| Untracked 
|   9|0x0000000080900000, 0x0000000080a00000, 0x0000000080a00000|100%| O|  |TAMS 0x0000000080900000| PB 0x0000000080900000| Untracked 
|  10|0x0000000080a00000, 0x0000000080b00000, 0x0000000080b00000|100%| O|  |TAMS 0x0000000080a00000| PB 0x0000000080a00000| Untracked 
|  11|0x0000000080b00000, 0x0000000080c00000, 0x0000000080c00000|100%| O|  |TAMS 0x0000000080b00000| PB 0x0000000080b00000| Untracked 
|  12|0x0000000080c00000, 0x0000000080d00000, 0x0000000080d00000|100%| O|  |TAMS 0x0000000080c00000| PB 0x0000000080c00000| Untracked 
|  13|0x0000000080d00000, 0x0000000080e00000, 0x0000000080e00000|100%| O|  |TAMS 0x0000000080d00000| PB 0x0000000080d00000| Untracked 
|  14|0x0000000080e00000, 0x0000000080f00000, 0x0000000080f00000|100%| O|  |TAMS 0x0000000080e00000| PB 0x0000000080e00000| Untracked 
|  15|0x0000000080f00000, 0x0000000081000000, 0x0000000081000000|100%| O|  |TAMS 0x0000000080f00000| PB 0x0000000080f00000| Untracked 
|  16|0x0000000081000000, 0x0000000081100000, 0x0000000081100000|100%| O|  |TAMS 0x0000000081000000| PB 0x0000000081000000| Untracked 
|  17|0x0000000081100000, 0x0000000081200000, 0x0000000081200000|100%| O|  |TAMS 0x0000000081100000| PB 0x0000000081100000| Untracked 
|  18|0x0000000081200000, 0x0000000081300000, 0x0000000081300000|100%| O|  |TAMS 0x0000000081200000| PB 0x0000000081200000| Untracked 
|  19|0x0000000081300000, 0x0000000081400000, 0x0000000081400000|100%| O|  |TAMS 0x0000000081300000| PB 0x0000000081300000| Untracked 
|  20|0x0000000081400000, 0x0000000081500000, 0x0000000081500000|100%| O|  |TAMS 0x0000000081400000| PB 0x0000000081400000| Untracked 
|  21|0x0000000081500000, 0x0000000081500000, 0x0000000081600000|  0%| F|  |TAMS 0x0000000081500000| PB 0x0000000081500000| Untracked 
|  22|0x0000000081600000, 0x0000000081600000, 0x0000000081700000|  0%| F|  |TAMS 0x0000000081600000| PB 0x0000000081600000| Untracked 
|  23|0x0000000081700000, 0x0000000081700000, 0x0000000081800000|  0%| F|  |TAMS 0x0000000081700000| PB 0x0000000081700000| Untracked 
|  24|0x0000000081800000, 0x0000000081800000, 0x0000000081900000|  0%| F|  |TAMS 0x0000000081800000| PB 0x0000000081800000| Untracked 
|  25|0x0000000081900000, 0x0000000081900000, 0x0000000081a00000|  0%| F|  |TAMS 0x0000000081900000| PB 0x0000000081900000| Untracked 
|  26|0x0000000081a00000, 0x0000000081a00000, 0x0000000081b00000|  0%| F|  |TAMS 0x0000000081a00000| PB 0x0000000081a00000| Untracked 
|  27|0x0000000081b00000, 0x0000000081b00000, 0x0000000081c00000|  0%| F|  |TAMS 0x0000000081b00000| PB 0x0000000081b00000| Untracked 
|  28|0x0000000081c00000, 0x0000000081c00000, 0x0000000081d00000|  0%| F|  |TAMS 0x0000000081c00000| PB 0x0000000081c00000| Untracked 
|  29|0x0000000081d00000, 0x0000000081d00000, 0x0000000081e00000|  0%| F|  |TAMS 0x0000000081d00000| PB 0x0000000081d00000| Untracked 
|  30|0x0000000081e00000, 0x0000000081e00000, 0x0000000081f00000|  0%| F|  |TAMS 0x0000000081e00000| PB 0x0000000081e00000| Untracked 
|  31|0x0000000081f00000, 0x0000000081f00000, 0x0000000082000000|  0%| F|  |TAMS 0x0000000081f00000| PB 0x0000000081f00000| Untracked 
|  32|0x0000000082000000, 0x0000000082000000, 0x0000000082100000|  0%| F|  |TAMS 0x0000000082000000| PB 0x0000000082000000| Untracked 
|  33|0x0000000082100000, 0x0000000082178e98, 0x0000000082200000| 47%| S|CS|TAMS 0x0000000082100000| PB 0x0000000082100000| Complete 
|  34|0x0000000082200000, 0x0000000082300000, 0x0000000082300000|100%| S|CS|TAMS 0x0000000082200000| PB 0x0000000082200000| Complete 
|  35|0x0000000082300000, 0x0000000082400000, 0x0000000082400000|100%| S|CS|TAMS 0x0000000082300000| PB 0x0000000082300000| Complete 
|  36|0x0000000082400000, 0x0000000082500000, 0x0000000082500000|100%| S|CS|TAMS 0x0000000082400000| PB 0x0000000082400000| Complete 
|  37|0x0000000082500000, 0x0000000082500000, 0x0000000082600000|  0%| F|  |TAMS 0x0000000082500000| PB 0x0000000082500000| Untracked 
|  38|0x0000000082600000, 0x0000000082600000, 0x0000000082700000|  0%| F|  |TAMS 0x0000000082600000| PB 0x0000000082600000| Untracked 
|  39|0x0000000082700000, 0x0000000082700000, 0x0000000082800000|  0%| F|  |TAMS 0x0000000082700000| PB 0x0000000082700000| Untracked 
|  40|0x0000000082800000, 0x0000000082800000, 0x0000000082900000|  0%| F|  |TAMS 0x0000000082800000| PB 0x0000000082800000| Untracked 
|  41|0x0000000082900000, 0x0000000082900000, 0x0000000082a00000|  0%| F|  |TAMS 0x0000000082900000| PB 0x0000000082900000| Untracked 
|  42|0x0000000082a00000, 0x0000000082a00000, 0x0000000082b00000|  0%| F|  |TAMS 0x0000000082a00000| PB 0x0000000082a00000| Untracked 
|  43|0x0000000082b00000, 0x0000000082b00000, 0x0000000082c00000|  0%| F|  |TAMS 0x0000000082b00000| PB 0x0000000082b00000| Untracked 
|  44|0x0000000082c00000, 0x0000000082c00000, 0x0000000082d00000|  0%| F|  |TAMS 0x0000000082c00000| PB 0x0000000082c00000| Untracked 
|  45|0x0000000082d00000, 0x0000000082d00000, 0x0000000082e00000|  0%| F|  |TAMS 0x0000000082d00000| PB 0x0000000082d00000| Untracked 
|  46|0x0000000082e00000, 0x0000000082e00000, 0x0000000082f00000|  0%| F|  |TAMS 0x0000000082e00000| PB 0x0000000082e00000| Untracked 
|  47|0x0000000082f00000, 0x0000000082f00000, 0x0000000083000000|  0%| F|  |TAMS 0x0000000082f00000| PB 0x0000000082f00000| Untracked 
|  48|0x0000000083000000, 0x0000000083000000, 0x0000000083100000|  0%| F|  |TAMS 0x0000000083000000| PB 0x0000000083000000| Untracked 
|  49|0x0000000083100000, 0x0000000083100000, 0x0000000083200000|  0%| F|  |TAMS 0x0000000083100000| PB 0x0000000083100000| Untracked 
|  50|0x0000000083200000, 0x0000000083200000, 0x0000000083300000|  0%| F|  |TAMS 0x0000000083200000| PB 0x0000000083200000| Untracked 
|  51|0x0000000083300000, 0x0000000083300000, 0x0000000083400000|  0%| F|  |TAMS 0x0000000083300000| PB 0x0000000083300000| Untracked 
|  52|0x0000000083400000, 0x0000000083400000, 0x0000000083500000|  0%| F|  |TAMS 0x0000000083400000| PB 0x0000000083400000| Untracked 
| 153|0x0000000089900000, 0x0000000089900000, 0x0000000089a00000|  0%| F|  |TAMS 0x0000000089900000| PB 0x0000000089900000| Untracked 
| 154|0x0000000089a00000, 0x0000000089a00000, 0x0000000089b00000|  0%| F|  |TAMS 0x0000000089a00000| PB 0x0000000089a00000| Untracked 
| 155|0x0000000089b00000, 0x0000000089b00000, 0x0000000089c00000|  0%| F|  |TAMS 0x0000000089b00000| PB 0x0000000089b00000| Untracked 
| 156|0x0000000089c00000, 0x0000000089c00000, 0x0000000089d00000|  0%| F|  |TAMS 0x0000000089c00000| PB 0x0000000089c00000| Untracked 
| 157|0x0000000089d00000, 0x0000000089d00000, 0x0000000089e00000|  0%| F|  |TAMS 0x0000000089d00000| PB 0x0000000089d00000| Untracked 
| 158|0x0000000089e00000, 0x0000000089e00000, 0x0000000089f00000|  0%| F|  |TAMS 0x0000000089e00000| PB 0x0000000089e00000| Untracked 
| 159|0x0000000089f00000, 0x0000000089f00000, 0x000000008a000000|  0%| F|  |TAMS 0x0000000089f00000| PB 0x0000000089f00000| Untracked 
| 160|0x000000008a000000, 0x000000008a000000, 0x000000008a100000|  0%| F|  |TAMS 0x000000008a000000| PB 0x000000008a000000| Untracked 
| 161|0x000000008a100000, 0x000000008a100000, 0x000000008a200000|  0%| F|  |TAMS 0x000000008a100000| PB 0x000000008a100000| Untracked 
| 162|0x000000008a200000, 0x000000008a200000, 0x000000008a300000|  0%| F|  |TAMS 0x000000008a200000| PB 0x000000008a200000| Untracked 
| 163|0x000000008a300000, 0x000000008a3b9f20, 0x000000008a400000| 72%| E|  |TAMS 0x000000008a300000| PB 0x000000008a300000| Complete 
| 164|0x000000008a400000, 0x000000008a500000, 0x000000008a500000|100%| E|CS|TAMS 0x000000008a400000| PB 0x000000008a400000| Complete 
| 165|0x000000008a500000, 0x000000008a600000, 0x000000008a600000|100%| E|CS|TAMS 0x000000008a500000| PB 0x000000008a500000| Complete 
| 255|0x000000008ff00000, 0x0000000090000000, 0x0000000090000000|100%| E|CS|TAMS 0x000000008ff00000| PB 0x000000008ff00000| Complete 

Card table byte_map: [0x000001dcacb60000,0x000001dcacf60000] _byte_map_base: 0x000001dcac760000

Marking Bits: (CMBitMap*) 0x000001dc9831d680
 Bits: [0x000001dcacf60000, 0x000001dcaef60000)

Polling page: 0x000001dc98320000

Metaspace:

Usage:
  Non-class:     26.06 MB used.
      Class:      3.87 MB used.
       Both:     29.92 MB used.

Virtual space:
  Non-class space:       64.00 MB reserved,      26.38 MB ( 41%) committed,  1 nodes.
      Class space:        1.00 GB reserved,       4.19 MB ( <1%) committed,  1 nodes.
             Both:        1.06 GB reserved,      30.56 MB (  3%) committed. 

Chunk freelists:
   Non-Class:  5.25 MB
       Class:  11.73 MB
        Both:  16.98 MB

MaxMetaspaceSize: unlimited
CompressedClassSpaceSize: 1.00 GB
Initial GC threshold: 21.00 MB
Current GC threshold: 35.12 MB
CDS: off
 - commit_granule_bytes: 65536.
 - commit_granule_words: 8192.
 - virtual_space_node_default_size: 8388608.
 - enlarge_chunks_in_place: 1.
 - use_allocation_guard: 0.


Internal statistics:

num_allocs_failed_limit: 3.
num_arena_births: 930.
num_arena_deaths: 0.
num_vsnodes_births: 2.
num_vsnodes_deaths: 0.
num_space_committed: 489.
num_space_uncommitted: 0.
num_chunks_returned_to_freelist: 3.
num_chunks_taken_from_freelist: 1810.
num_chunk_merges: 3.
num_chunk_splits: 1165.
num_chunks_enlarged: 745.
num_inconsistent_stats: 0.

CodeHeap 'non-profiled nmethods': size=120000Kb used=1633Kb max_used=1633Kb free=118366Kb
 bounds [0x000001dca5120000, 0x000001dca5390000, 0x000001dcac650000]
CodeHeap 'profiled nmethods': size=120000Kb used=5795Kb max_used=5795Kb free=114205Kb
 bounds [0x000001dc9d650000, 0x000001dc9dc00000, 0x000001dca4b80000]
CodeHeap 'non-nmethods': size=5760Kb used=1483Kb max_used=1531Kb free=4276Kb
 bounds [0x000001dca4b80000, 0x000001dca4df0000, 0x000001dca5120000]
 total_blobs=3494 nmethods=2918 adapters=480
 compilation: enabled
              stopped_count=0, restarted_count=0
 full_count=0

Compilation events (20 events):
Event: 2.599 Thread 0x000001dcb18e02f0 2906   !   3       jdk.proxy1.$Proxy2::value (29 bytes)
Event: 2.600 Thread 0x000001dcb18e02f0 nmethod 2906 0x000001dc9dbf5310 code [0x000001dc9dbf54e0, 0x000001dc9dbf58c0]
Event: 2.600 Thread 0x000001dcb18e02f0 2907       3       org.gradle.internal.service.DefaultServiceRegistry$FactoryMethodService::<init> (34 bytes)
Event: 2.600 Thread 0x000001dcb18e02f0 nmethod 2907 0x000001dc9dbf5a90 code [0x000001dc9dbf5c60, 0x000001dc9dbf60b8]
Event: 2.613 Thread 0x000001dcb18dc360 2908       4       java.util.ArrayDeque::poll (5 bytes)
Event: 2.614 Thread 0x000001dcb18dc360 nmethod 2908 0x000001dca52b6310 code [0x000001dca52b64a0, 0x000001dca52b65e0]
Event: 2.623 Thread 0x000001dcb18dc360 2909       4       java.lang.invoke.MethodType::equals (25 bytes)
Event: 2.623 Thread 0x000001dcb18e02f0 2910       3       java.lang.reflect.Method::setMethodAccessor (20 bytes)
Event: 2.623 Thread 0x000001dcb18e02f0 nmethod 2910 0x000001dc9dbf6310 code [0x000001dc9dbf64e0, 0x000001dc9dbf67a0]
Event: 2.626 Thread 0x000001dcb18dc360 nmethod 2909 0x000001dca52b6710 code [0x000001dca52b68c0, 0x000001dca52b6b70]
Event: 2.631 Thread 0x000001dcb18dc360 2911       4       java.util.HashMap::get (19 bytes)
Event: 2.631 Thread 0x000001dcb18e02f0 2912       3       org.gradle.internal.service.DefaultServiceRegistry::access$2000 (4 bytes)
Event: 2.631 Thread 0x000001dcb18e02f0 nmethod 2912 0x000001dc9dbf6890 code [0x000001dc9dbf6a20, 0x000001dc9dbf6b18]
Event: 2.633 Thread 0x000001dcb18dc360 nmethod 2911 0x000001dca52b6d90 code [0x000001dca52b6f60, 0x000001dca52b72c0]
Event: 2.642 Thread 0x000001dcb18dc360 2913       4       java.util.concurrent.locks.ReentrantLock::unlock (10 bytes)
Event: 2.642 Thread 0x000001dcb18e02f0 2914       3       java.util.concurrent.locks.AbstractQueuedSynchronizer$ConditionObject::signalAll (34 bytes)
Event: 2.642 Thread 0x000001dcb18e02f0 nmethod 2914 0x000001dc9dbf6b90 code [0x000001dc9dbf6d60, 0x000001dc9dbf70a0]
Event: 2.643 Thread 0x000001dcb18dc360 nmethod 2913 0x000001dca52b7590 code [0x000001dca52b7740, 0x000001dca52b7918]
Event: 2.646 Thread 0x000001dcb18e02f0 2915       3       java.lang.invoke.MethodHandles$Lookup::getDirectMethodNoSecurityManager (18 bytes)
Event: 2.647 Thread 0x000001dcb18e02f0 nmethod 2915 0x000001dc9dbf7210 code [0x000001dc9dbf73c0, 0x000001dc9dbf7510]

GC Heap History (10 events):
Event: 0.354 GC heap before
{Heap before GC invocations=0 (full 0):
 garbage-first heap   total 262144K, used 21504K [0x0000000080000000, 0x0000000100000000)
  region size 1024K, 21 young (21504K), 0 survivors (0K)
 Metaspace       used 7444K, committed 7552K, reserved 1114112K
  class space    used 669K, committed 704K, reserved 1048576K
}
Event: 0.356 GC heap after
{Heap after GC invocations=1 (full 0):
 garbage-first heap   total 262144K, used 1536K [0x0000000080000000, 0x0000000100000000)
  region size 1024K, 2 young (2048K), 2 survivors (2048K)
 Metaspace       used 7444K, committed 7552K, reserved 1114112K
  class space    used 669K, committed 704K, reserved 1048576K
}
Event: 0.858 GC heap before
{Heap before GC invocations=1 (full 0):
 garbage-first heap   total 262144K, used 39424K [0x0000000080000000, 0x0000000100000000)
  region size 1024K, 36 young (36864K), 2 survivors (2048K)
 Metaspace       used 12181K, committed 12352K, reserved 1114112K
  class space    used 1283K, committed 1408K, reserved 1048576K
}
Event: 0.863 GC heap after
{Heap after GC invocations=2 (full 0):
 garbage-first heap   total 262144K, used 11016K [0x0000000080000000, 0x0000000100000000)
  region size 1024K, 5 young (5120K), 5 survivors (5120K)
 Metaspace       used 12181K, committed 12352K, reserved 1114112K
  class space    used 1283K, committed 1408K, reserved 1048576K
}
Event: 1.792 GC heap before
{Heap before GC invocations=2 (full 0):
 garbage-first heap   total 262144K, used 99080K [0x0000000080000000, 0x0000000100000000)
  region size 1024K, 90 young (92160K), 5 survivors (5120K)
 Metaspace       used 21181K, committed 21504K, reserved 1114112K
  class space    used 2440K, committed 2624K, reserved 1048576K
}
Event: 1.800 GC heap after
{Heap after GC invocations=3 (full 0):
 garbage-first heap   total 262144K, used 20045K [0x0000000080000000, 0x0000000100000000)
  region size 1024K, 13 young (13312K), 13 survivors (13312K)
 Metaspace       used 21181K, committed 21504K, reserved 1114112K
  class space    used 2440K, committed 2624K, reserved 1048576K
}
Event: 2.177 GC heap before
{Heap before GC invocations=4 (full 0):
 garbage-first heap   total 68608K, used 47693K [0x0000000080000000, 0x0000000100000000)
  region size 1024K, 40 young (40960K), 13 survivors (13312K)
 Metaspace       used 26155K, committed 26688K, reserved 1114112K
  class space    used 3174K, committed 3456K, reserved 1048576K
}
Event: 2.185 GC heap after
{Heap after GC invocations=5 (full 0):
 garbage-first heap   total 68608K, used 21860K [0x0000000080000000, 0x0000000100000000)
  region size 1024K, 2 young (2048K), 2 survivors (2048K)
 Metaspace       used 26155K, committed 26688K, reserved 1114112K
  class space    used 3174K, committed 3456K, reserved 1048576K
}
Event: 2.638 GC heap before
{Heap before GC invocations=5 (full 0):
 garbage-first heap   total 68608K, used 51556K [0x0000000080000000, 0x0000000100000000)
  region size 1024K, 32 young (32768K), 2 survivors (2048K)
 Metaspace       used 30275K, committed 30912K, reserved 1114112K
  class space    used 3897K, committed 4224K, reserved 1048576K
}
Event: 2.641 GC heap after
{Heap after GC invocations=6 (full 0):
 garbage-first heap   total 68608K, used 24035K [0x0000000080000000, 0x0000000100000000)
  region size 1024K, 4 young (4096K), 4 survivors (4096K)
 Metaspace       used 30275K, committed 30912K, reserved 1114112K
  class space    used 3897K, committed 4224K, reserved 1048576K
}

Dll operation events (3 events):
Event: 0.006 Loaded shared library C:\Program Files\Android\Android Studio\jbr\bin\java.dll
Event: 0.011 Loaded shared library C:\Program Files\Android\Android Studio\jbr\bin\zip.dll
Event: 0.467 Loaded shared library C:\Program Files\Android\Android Studio\jbr\bin\verify.dll

Deoptimization events (20 events):
Event: 1.960 Thread 0x000001dcb7afd380 DEOPT PACKING pc=0x000001dca5249d28 sp=0x0000001ef78fd0c0
Event: 1.960 Thread 0x000001dcb7afd380 DEOPT UNPACKING pc=0x000001dca4bd46a2 sp=0x0000001ef78fd088 mode 2
Event: 2.082 Thread 0x000001dcb7afbfd0 Uncommon trap: trap_request=0xffffff45 fr.pc=0x000001dca5220f1c relative=0x000000000000017c
Event: 2.082 Thread 0x000001dcb7afbfd0 Uncommon trap: reason=unstable_if action=reinterpret pc=0x000001dca5220f1c method=java.util.concurrent.locks.ReentrantLock$NonfairSync.initialTryLock()Z @ 25 c2
Event: 2.082 Thread 0x000001dcb7afbfd0 DEOPT PACKING pc=0x000001dca5220f1c sp=0x0000001ef7efeff0
Event: 2.082 Thread 0x000001dcb7afbfd0 DEOPT UNPACKING pc=0x000001dca4bd46a2 sp=0x0000001ef7efef90 mode 2
Event: 2.094 Thread 0x000001dcb7afd380 DEOPT PACKING pc=0x000001dc9d7404d9 sp=0x0000001ef78fa530
Event: 2.094 Thread 0x000001dcb7afd380 DEOPT UNPACKING pc=0x000001dca4bd4e42 sp=0x0000001ef78f99c8 mode 0
Event: 2.127 Thread 0x000001dcb7afd380 Uncommon trap: trap_request=0xffffff45 fr.pc=0x000001dca5144e9c relative=0x0000000000000d1c
Event: 2.127 Thread 0x000001dcb7afd380 Uncommon trap: reason=unstable_if action=reinterpret pc=0x000001dca5144e9c method=java.io.WinNTFileSystem.resolve(Ljava/lang/String;Ljava/lang/String;)Ljava/lang/String; @ 19 c2
Event: 2.127 Thread 0x000001dcb7afd380 DEOPT PACKING pc=0x000001dca5144e9c sp=0x0000001ef78fb190
Event: 2.127 Thread 0x000001dcb7afd380 DEOPT UNPACKING pc=0x000001dca4bd46a2 sp=0x0000001ef78fb128 mode 2
Event: 2.128 Thread 0x000001dcb7afd380 Uncommon trap: trap_request=0xffffff45 fr.pc=0x000001dca5151c00 relative=0x0000000000000620
Event: 2.128 Thread 0x000001dcb7afd380 Uncommon trap: reason=unstable_if action=reinterpret pc=0x000001dca5151c00 method=java.io.File.getName()Ljava/lang/String; @ 16 c2
Event: 2.128 Thread 0x000001dcb7afd380 DEOPT PACKING pc=0x000001dca5151c00 sp=0x0000001ef78fb150
Event: 2.128 Thread 0x000001dcb7afd380 DEOPT UNPACKING pc=0x000001dca4bd46a2 sp=0x0000001ef78fb120 mode 2
Event: 2.171 Thread 0x000001dcb7afd380 Uncommon trap: trap_request=0xffffff45 fr.pc=0x000001dca514b910 relative=0x00000000000000f0
Event: 2.171 Thread 0x000001dcb7afd380 Uncommon trap: reason=unstable_if action=reinterpret pc=0x000001dca514b910 method=java.util.HashMap.hash(Ljava/lang/Object;)I @ 1 c2
Event: 2.171 Thread 0x000001dcb7afd380 DEOPT PACKING pc=0x000001dca514b910 sp=0x0000001ef78fc1f0
Event: 2.171 Thread 0x000001dcb7afd380 DEOPT UNPACKING pc=0x000001dca4bd46a2 sp=0x0000001ef78fc130 mode 2

Classes loaded (20 events):
Event: 2.411 Loading class java/security/KeyException done
Event: 2.411 Loading class java/security/InvalidKeyException done
Event: 2.431 Loading class java/lang/management/MemoryType
Event: 2.431 Loading class java/lang/management/MemoryType done
Event: 2.432 Loading class java/lang/management/MemoryUsage
Event: 2.432 Loading class java/lang/management/MemoryUsage done
Event: 2.432 Loading class java/util/concurrent/LinkedBlockingDeque$Node
Event: 2.432 Loading class java/util/concurrent/LinkedBlockingDeque$Node done
Event: 2.460 Loading class java/util/regex/Pattern$Dollar
Event: 2.460 Loading class java/util/regex/Pattern$Dollar done
Event: 2.466 Loading class java/io/ObjectInputStream
Event: 2.466 Loading class java/io/ObjectInput
Event: 2.466 Loading class java/io/ObjectInput done
Event: 2.466 Loading class java/io/ObjectStreamConstants
Event: 2.467 Loading class java/io/ObjectStreamConstants done
Event: 2.467 Loading class java/io/ObjectInputStream done
Event: 2.467 Loading class java/io/ObjectOutputStream
Event: 2.468 Loading class java/io/ObjectOutput
Event: 2.468 Loading class java/io/ObjectOutput done
Event: 2.468 Loading class java/io/ObjectOutputStream done

Classes unloaded (0 events):
No events

Classes redefined (0 events):
No events

Internal exceptions (20 events):
Event: 2.171 Thread 0x000001dcb7afd380 Implicit null exception at 0x000001dca514b866 to 0x000001dca514b906
Event: 2.192 Thread 0x000001dcb7afd380 Exception <a 'java/lang/NoSuchMethodError'{0x000000008ff9cab8}: 'int java.lang.invoke.DirectMethodHandle$Holder.invokeStatic(java.lang.Object, java.lang.Object, java.lang.Object, java.lang.Object)'> (0x000000008ff9cab8) 
thrown [s\src\hotspot\share\interpreter\linkResolver.cpp, line 784]
Event: 2.232 Thread 0x000001dcb7afd380 Exception <a 'java/lang/NoSuchMethodError'{0x000000008a33fdb0}: 'java.lang.Object java.lang.invoke.DelegatingMethodHandle$Holder.reinvoke_L(java.lang.Object, java.lang.Object, java.lang.Object, java.lang.Object, java.lang.Object, java.lang.Object, java.lang.Object, java.lang.Object, java.lang.Object, java.lang.Object, java.lang.Object, java.lang.Object, java.lang.Object, java.lang.Object, java.lang.Object, java.lang.Object, java.lang.Object, java.lang.Object, java.lang.Object, java.lang.Object, java.lang.O
Event: 2.236 Thread 0x000001dcb7afd380 Exception <a 'java/lang/NoSuchMethodError'{0x000000008a3aefc0}: 'java.lang.Object java.lang.invoke.DirectMethodHandle$Holder.invokeStatic(java.lang.Object, java.lang.Object, java.lang.Object, java.lang.Object, java.lang.Object, java.lang.Object, java.lang.Object, java.lang.Object, java.lang.Object, java.lang.Object, java.lang.Object, java.lang.Object, java.lang.Object, java.lang.Object, java.lang.Object, java.lang.Object, java.lang.Object)'> (0x000000008a3aefc0) 
thrown [s\src\hotspot\share\interpreter\lin
Event: 2.237 Thread 0x000001dcb7afd380 Exception <a 'java/lang/NoSuchMethodError'{0x000000008a3d7d50}: 'java.lang.Object java.lang.invoke.DirectMethodHandle$Holder.invokeStatic(java.lang.Object, java.lang.Object, java.lang.Object, java.lang.Object, java.lang.Object, java.lang.Object, java.lang.Object, java.lang.Object, java.lang.Object, java.lang.Object, java.lang.Object, java.lang.Object, java.lang.Object, java.lang.Object, java.lang.Object, java.lang.Object, java.lang.Object, java.lang.Object)'> (0x000000008a3d7d50) 
thrown [s\src\hotspot\sha
Event: 2.238 Thread 0x000001dcb7afd380 Exception <a 'java/lang/NoSuchMethodError'{0x000000008a203b80}: 'java.lang.Object java.lang.invoke.DirectMethodHandle$Holder.invokeStatic(java.lang.Object, java.lang.Object, java.lang.Object, java.lang.Object, java.lang.Object, java.lang.Object, java.lang.Object, java.lang.Object, java.lang.Object, java.lang.Object, java.lang.Object, java.lang.Object, java.lang.Object, java.lang.Object, java.lang.Object, java.lang.Object, java.lang.Object, java.lang.Object, java.lang.Object)'> (0x000000008a203b80) 
thrown 
Event: 2.239 Thread 0x000001dcb7afd380 Exception <a 'java/lang/NoSuchMethodError'{0x000000008a22f208}: 'java.lang.Object java.lang.invoke.DirectMethodHandle$Holder.invokeStatic(java.lang.Object, java.lang.Object, java.lang.Object, java.lang.Object, java.lang.Object, java.lang.Object, java.lang.Object, java.lang.Object, java.lang.Object, java.lang.Object, java.lang.Object, java.lang.Object, java.lang.Object, java.lang.Object, java.lang.Object, java.lang.Object, java.lang.Object, java.lang.Object, java.lang.Object, java.lang.Object)'> (0x00000000
Event: 2.240 Thread 0x000001dcb7afd380 Exception <a 'java/lang/NoSuchMethodError'{0x000000008a25bd40}: 'java.lang.Object java.lang.invoke.DirectMethodHandle$Holder.invokeStatic(java.lang.Object, java.lang.Object, java.lang.Object, java.lang.Object, java.lang.Object, java.lang.Object, java.lang.Object, java.lang.Object, java.lang.Object, java.lang.Object, java.lang.Object, java.lang.Object, java.lang.Object, java.lang.Object, java.lang.Object, java.lang.Object, java.lang.Object, java.lang.Object, java.lang.Object, java.lang.Object, java.lang.Obj
Event: 2.242 Thread 0x000001dcb7afd380 Exception <a 'java/lang/NoSuchMethodError'{0x000000008a289820}: 'java.lang.Object java.lang.invoke.DirectMethodHandle$Holder.invokeStatic(java.lang.Object, java.lang.Object, java.lang.Object, java.lang.Object, java.lang.Object, java.lang.Object, java.lang.Object, java.lang.Object, java.lang.Object, java.lang.Object, java.lang.Object, java.lang.Object, java.lang.Object, java.lang.Object, java.lang.Object, java.lang.Object, java.lang.Object, java.lang.Object, java.lang.Object, java.lang.Object, java.lang.Obj
Event: 2.243 Thread 0x000001dcb7afd380 Exception <a 'java/lang/NoSuchMethodError'{0x000000008a2b85d8}: 'java.lang.Object java.lang.invoke.DirectMethodHandle$Holder.invokeStatic(java.lang.Object, java.lang.Object, java.lang.Object, java.lang.Object, java.lang.Object, java.lang.Object, java.lang.Object, java.lang.Object, java.lang.Object, java.lang.Object, java.lang.Object, java.lang.Object, java.lang.Object, java.lang.Object, java.lang.Object, java.lang.Object, java.lang.Object, java.lang.Object, java.lang.Object, java.lang.Object, java.lang.Obj
Event: 2.245 Thread 0x000001dcb7afd380 Exception <a 'java/lang/NoSuchMethodError'{0x000000008a2e8050}: 'java.lang.Object java.lang.invoke.DirectMethodHandle$Holder.invokeStatic(java.lang.Object, java.lang.Object, java.lang.Object, java.lang.Object, java.lang.Object, java.lang.Object, java.lang.Object, java.lang.Object, java.lang.Object, java.lang.Object, java.lang.Object, java.lang.Object, java.lang.Object, java.lang.Object, java.lang.Object, java.lang.Object, java.lang.Object, java.lang.Object, java.lang.Object, java.lang.Object, java.lang.Obj
Event: 2.246 Thread 0x000001dcb7afd380 Exception <a 'java/lang/NoSuchMethodError'{0x000000008a118c38}: 'java.lang.Object java.lang.invoke.DirectMethodHandle$Holder.invokeStatic(java.lang.Object, java.lang.Object, java.lang.Object, java.lang.Object, java.lang.Object, java.lang.Object, java.lang.Object, java.lang.Object, java.lang.Object, java.lang.Object, java.lang.Object, java.lang.Object, java.lang.Object, java.lang.Object, java.lang.Object, java.lang.Object, java.lang.Object, java.lang.Object, java.lang.Object, java.lang.Object, java.lang.Obj
Event: 2.247 Thread 0x000001dcb7afd380 Exception <a 'java/lang/NoSuchMethodError'{0x000000008a149b20}: 'java.lang.Object java.lang.invoke.DirectMethodHandle$Holder.invokeStatic(java.lang.Object, java.lang.Object, java.lang.Object, java.lang.Object, java.lang.Object, java.lang.Object, java.lang.Object, java.lang.Object, java.lang.Object, java.lang.Object, java.lang.Object, java.lang.Object, java.lang.Object, java.lang.Object, java.lang.Object, java.lang.Object, java.lang.Object, java.lang.Object, java.lang.Object, java.lang.Object, java.lang.Obj
Event: 2.248 Thread 0x000001dcb7afd380 Exception <a 'java/lang/NoSuchMethodError'{0x000000008a17c830}: 'java.lang.Object java.lang.invoke.DirectMethodHandle$Holder.invokeStatic(java.lang.Object, java.lang.Object, java.lang.Object, java.lang.Object, java.lang.Object, java.lang.Object, java.lang.Object, java.lang.Object, java.lang.Object, java.lang.Object, java.lang.Object, java.lang.Object, java.lang.Object, java.lang.Object, java.lang.Object, java.lang.Object, java.lang.Object, java.lang.Object, java.lang.Object, java.lang.Object, java.lang.Obj
Event: 2.267 Thread 0x000001dcb7afd380 Exception <a 'java/lang/IncompatibleClassChangeError'{0x000000008a0aa158}: Found class java.lang.Object, but interface was expected> (0x000000008a0aa158) 
thrown [s\src\hotspot\share\interpreter\linkResolver.cpp, line 851]
Event: 2.454 Thread 0x000001dcb7afd380 Exception <a 'java/lang/IncompatibleClassChangeError'{0x00000000831e8e80}: Found class java.lang.Object, but interface was expected> (0x00000000831e8e80) 
thrown [s\src\hotspot\share\interpreter\linkResolver.cpp, line 851]
Event: 2.457 Thread 0x000001dcb7afd380 Exception <a 'java/lang/NoSuchMethodError'{0x0000000083015368}: 'java.lang.Object java.lang.invoke.DirectMethodHandle$Holder.newInvokeSpecial(java.lang.Object, java.lang.Object, java.lang.Object, java.lang.Object, java.lang.Object, java.lang.Object, java.lang.Object, java.lang.Object, java.lang.Object, java.lang.Object)'> (0x0000000083015368) 
thrown [s\src\hotspot\share\interpreter\linkResolver.cpp, line 784]
Event: 2.492 Thread 0x000001dcb7afd380 Exception <a 'java/lang/NoSuchMethodError'{0x0000000082ea3d40}: 'int java.lang.invoke.DirectMethodHandle$Holder.invokeStaticInit(java.lang.Object, java.lang.Object, java.lang.Object)'> (0x0000000082ea3d40) 
thrown [s\src\hotspot\share\interpreter\linkResolver.cpp, line 784]
Event: 2.540 Thread 0x000001dcb7afd380 Exception <a 'java/lang/NoSuchMethodError'{0x0000000082c03788}: 'java.lang.Object java.lang.invoke.DirectMethodHandle$Holder.invokeVirtual(java.lang.Object, java.lang.Object, java.lang.Object, java.lang.Object, java.lang.Object, java.lang.Object, java.lang.Object, java.lang.Object, java.lang.Object, java.lang.Object, java.lang.Object)'> (0x0000000082c03788) 
thrown [s\src\hotspot\share\interpreter\linkResolver.cpp, line 784]
Event: 2.582 Thread 0x000001dcb7afd380 Exception <a 'java/lang/NoSuchMethodError'{0x0000000082804dd0}: 'void java.lang.invoke.DirectMethodHandle$Holder.invokeVirtual(java.lang.Object, java.lang.Object, java.lang.Object, java.lang.Object, java.lang.Object)'> (0x0000000082804dd0) 
thrown [s\src\hotspot\share\interpreter\linkResolver.cpp, line 784]

ZGC Phase Switch (0 events):
No events

VM Operations (20 events):
Event: 1.578 Executing VM operation: HandshakeAllThreads (Deoptimize)
Event: 1.578 Executing VM operation: HandshakeAllThreads (Deoptimize) done
Event: 1.666 Executing VM operation: HandshakeAllThreads (Deoptimize)
Event: 1.667 Executing VM operation: HandshakeAllThreads (Deoptimize) done
Event: 1.792 Executing VM operation: CollectForMetadataAllocation (Metadata GC Threshold)
Event: 1.801 Executing VM operation: CollectForMetadataAllocation (Metadata GC Threshold) done
Event: 1.804 Executing VM operation: G1PauseRemark
Event: 1.805 Executing VM operation: G1PauseRemark done
Event: 1.807 Executing VM operation: G1PauseCleanup
Event: 1.808 Executing VM operation: G1PauseCleanup done
Event: 2.077 Executing VM operation: HandshakeAllThreads (Deoptimize)
Event: 2.077 Executing VM operation: HandshakeAllThreads (Deoptimize) done
Event: 2.177 Executing VM operation: G1CollectForAllocation (G1 Evacuation Pause)
Event: 2.185 Executing VM operation: G1CollectForAllocation (G1 Evacuation Pause) done
Event: 2.253 Executing VM operation: HandshakeAllThreads (Deoptimize)
Event: 2.253 Executing VM operation: HandshakeAllThreads (Deoptimize) done
Event: 2.253 Executing VM operation: HandshakeAllThreads (Deoptimize)
Event: 2.253 Executing VM operation: HandshakeAllThreads (Deoptimize) done
Event: 2.638 Executing VM operation: G1CollectForAllocation (G1 Evacuation Pause)
Event: 2.641 Executing VM operation: G1CollectForAllocation (G1 Evacuation Pause) done

Memory protections (0 events):
No events

Nmethod flushes (0 events):
No events

Events (20 events):
Event: 0.546 Loaded shared library C:\Users\Admin\.gradle\native\1def1411415f61bf3af743bc5b6707747c0891f09f0c88961ee8f79bc544acac\windows-amd64\native-platform.dll
Event: 0.561 Loaded shared library C:\Users\Admin\.gradle\native\0.2.7\x86_64-windows-gnu\gradle-fileevents.dll
Event: 1.071 Thread 0x000001dcb6010e70 Thread exited: 0x000001dcb6010e70
Event: 1.221 Thread 0x000001dcb18e02f0 Thread added: 0x000001dcb60107a0
Event: 1.394 Loaded shared library C:\Program Files\Android\Android Studio\jbr\bin\management.dll
Event: 1.395 Loaded shared library C:\Program Files\Android\Android Studio\jbr\bin\management_ext.dll
Event: 1.431 Thread 0x000001dc982517e0 Thread added: 0x000001dcb1a5d000
Event: 1.517 Loaded shared library C:\Program Files\Android\Android Studio\jbr\bin\extnet.dll
Event: 1.589 Thread 0x000001dc982517e0 Thread added: 0x000001dcb1a59b80
Event: 1.650 Thread 0x000001dc982517e0 Thread added: 0x000001dcb1a5a210
Event: 1.690 Thread 0x000001dcb1a59b80 Thread added: 0x000001dcb1a5af30
Event: 1.693 Thread 0x000001dcb1a5af30 Thread added: 0x000001dcb1a5a8a0
Event: 1.718 Thread 0x000001dcb1a5af30 Thread added: 0x000001dcb1a5b5c0
Event: 1.723 Thread 0x000001dcb1a5af30 Thread added: 0x000001dcb7afd380
Event: 1.731 Thread 0x000001dcb7afd380 Thread added: 0x000001dcb7b02240
Event: 1.735 Thread 0x000001dcb7afd380 Thread added: 0x000001dcb7b028d0
Event: 1.737 Thread 0x000001dcb7afd380 Thread added: 0x000001dcb7afccf0
Event: 2.077 Thread 0x000001dcb7afd380 Thread added: 0x000001dcb7b00800
Event: 2.082 Thread 0x000001dcb7afd380 Thread added: 0x000001dcb7afbfd0
Event: 2.105 Thread 0x000001dcb7afd380 Thread added: 0x000001dcb7aff450


Dynamic libraries:
0x00007ff7f6890000 - 0x00007ff7f689a000 	C:\Program Files\Android\Android Studio\jbr\bin\java.exe
0x00007ff8734d0000 - 0x00007ff8736c8000 	C:\Windows\SYSTEM32\ntdll.dll
0x00007ff871610000 - 0x00007ff8716d2000 	C:\Windows\System32\KERNEL32.DLL
0x00007ff870d10000 - 0x00007ff871006000 	C:\Windows\System32\KERNELBASE.dll
0x00007ff871270000 - 0x00007ff871370000 	C:\Windows\System32\ucrtbase.dll
0x00007ff856b50000 - 0x00007ff856b6b000 	C:\Program Files\Android\Android Studio\jbr\bin\VCRUNTIME140.dll
0x00007ff862530000 - 0x00007ff862548000 	C:\Program Files\Android\Android Studio\jbr\bin\jli.dll
0x00007ff8732c0000 - 0x00007ff87345d000 	C:\Windows\System32\USER32.dll
0x00007ff863b60000 - 0x00007ff863dfa000 	C:\Windows\WinSxS\amd64_microsoft.windows.common-controls_6595b64144ccf1df_6.0.19041.5915_none_60b4b9d171f9c7c7\COMCTL32.dll
0x00007ff870bc0000 - 0x00007ff870be2000 	C:\Windows\System32\win32u.dll
0x00007ff873030000 - 0x00007ff87305b000 	C:\Windows\System32\GDI32.dll
0x00007ff8716e0000 - 0x00007ff87177e000 	C:\Windows\System32\msvcrt.dll
0x00007ff870bf0000 - 0x00007ff870d09000 	C:\Windows\System32\gdi32full.dll
0x00007ff871370000 - 0x00007ff87140d000 	C:\Windows\System32\msvcp_win.dll
0x00007ff8726e0000 - 0x00007ff87270f000 	C:\Windows\System32\IMM32.DLL
0x00007ff863e10000 - 0x00007ff863e1c000 	C:\Program Files\Android\Android Studio\jbr\bin\vcruntime140_1.dll
0x00007ff820da0000 - 0x00007ff820e2d000 	C:\Program Files\Android\Android Studio\jbr\bin\msvcp140.dll
0x00007ff836ed0000 - 0x00007ff837b5b000 	C:\Program Files\Android\Android Studio\jbr\bin\server\jvm.dll
0x00007ff873200000 - 0x00007ff8732b1000 	C:\Windows\System32\ADVAPI32.dll
0x00007ff8714c0000 - 0x00007ff87155f000 	C:\Windows\System32\sechost.dll
0x00007ff8725b0000 - 0x00007ff8726d3000 	C:\Windows\System32\RPCRT4.dll
0x00007ff871410000 - 0x00007ff871437000 	C:\Windows\System32\bcrypt.dll
0x00007ff872b30000 - 0x00007ff872b9b000 	C:\Windows\System32\WS2_32.dll
0x00007ff870540000 - 0x00007ff87058b000 	C:\Windows\SYSTEM32\POWRPROF.dll
0x00007ff8690c0000 - 0x00007ff8690e7000 	C:\Windows\SYSTEM32\WINMM.dll
0x00007ff8690b0000 - 0x00007ff8690ba000 	C:\Windows\SYSTEM32\VERSION.dll
0x00007ff870520000 - 0x00007ff870532000 	C:\Windows\SYSTEM32\UMPDC.dll
0x00007ff86e8b0000 - 0x00007ff86e8c2000 	C:\Windows\SYSTEM32\kernel.appcore.dll
0x00007ff85de70000 - 0x00007ff85de7a000 	C:\Program Files\Android\Android Studio\jbr\bin\jimage.dll
0x00007ff863e20000 - 0x00007ff864021000 	C:\Windows\SYSTEM32\DBGHELP.DLL
0x00007ff8635f0000 - 0x00007ff863624000 	C:\Windows\SYSTEM32\dbgcore.DLL
0x00007ff870b30000 - 0x00007ff870bb2000 	C:\Windows\System32\bcryptPrimitives.dll
0x00007ff862520000 - 0x00007ff86252e000 	C:\Program Files\Android\Android Studio\jbr\bin\instrument.dll
0x00007ff856b30000 - 0x00007ff856b50000 	C:\Program Files\Android\Android Studio\jbr\bin\java.dll
0x00007ff856b10000 - 0x00007ff856b28000 	C:\Program Files\Android\Android Studio\jbr\bin\zip.dll
0x00007ff871ae0000 - 0x00007ff87224e000 	C:\Windows\System32\SHELL32.dll
0x00007ff86eb90000 - 0x00007ff86f334000 	C:\Windows\SYSTEM32\windows.storage.dll
0x00007ff871780000 - 0x00007ff871ad3000 	C:\Windows\System32\combase.dll
0x00007ff8703b0000 - 0x00007ff8703db000 	C:\Windows\SYSTEM32\Wldp.dll
0x00007ff8728c0000 - 0x00007ff87298d000 	C:\Windows\System32\OLEAUT32.dll
0x00007ff873060000 - 0x00007ff87310d000 	C:\Windows\System32\SHCORE.dll
0x00007ff872ad0000 - 0x00007ff872b2b000 	C:\Windows\System32\shlwapi.dll
0x00007ff870a60000 - 0x00007ff870a84000 	C:\Windows\SYSTEM32\profapi.dll
0x00007ff856b00000 - 0x00007ff856b10000 	C:\Program Files\Android\Android Studio\jbr\bin\net.dll
0x00007ff86b750000 - 0x00007ff86b85a000 	C:\Windows\SYSTEM32\WINHTTP.dll
0x00007ff870190000 - 0x00007ff8701fa000 	C:\Windows\system32\mswsock.dll
0x00007ff856ae0000 - 0x00007ff856af6000 	C:\Program Files\Android\Android Studio\jbr\bin\nio.dll
0x00007ff856ad0000 - 0x00007ff856ae0000 	C:\Program Files\Android\Android Studio\jbr\bin\verify.dll
0x00007ff8259c0000 - 0x00007ff8259e7000 	C:\Users\Admin\.gradle\native\1def1411415f61bf3af743bc5b6707747c0891f09f0c88961ee8f79bc544acac\windows-amd64\native-platform.dll
0x00007ff820c20000 - 0x00007ff820c98000 	C:\Users\Admin\.gradle\native\0.2.7\x86_64-windows-gnu\gradle-fileevents.dll
0x00007ff856500000 - 0x00007ff856509000 	C:\Program Files\Android\Android Studio\jbr\bin\management.dll
0x00007ff8564f0000 - 0x00007ff8564fb000 	C:\Program Files\Android\Android Studio\jbr\bin\management_ext.dll
0x00007ff8724c0000 - 0x00007ff8724c8000 	C:\Windows\System32\PSAPI.DLL
0x00007ff86fe90000 - 0x00007ff86fecb000 	C:\Windows\SYSTEM32\IPHLPAPI.DLL
0x00007ff872990000 - 0x00007ff872998000 	C:\Windows\System32\NSI.dll
0x00007ff8566c0000 - 0x00007ff8566c9000 	C:\Program Files\Android\Android Studio\jbr\bin\extnet.dll
0x00007ff8703f0000 - 0x00007ff870408000 	C:\Windows\SYSTEM32\CRYPTSP.dll
0x00007ff86fad0000 - 0x00007ff86fb08000 	C:\Windows\system32\rsaenh.dll
0x00007ff8709e0000 - 0x00007ff870a0e000 	C:\Windows\SYSTEM32\USERENV.dll
0x00007ff870320000 - 0x00007ff87032c000 	C:\Windows\SYSTEM32\CRYPTBASE.dll
0x00007ff8566d0000 - 0x00007ff8566d7000 	C:\Windows\system32\wshunix.dll

dbghelp: loaded successfully - version: 4.0.5 - missing functions: none
symbol engine: initialized successfully - sym options: 0x614 - pdb path: .;C:\Program Files\Android\Android Studio\jbr\bin;C:\Windows\SYSTEM32;C:\Windows\WinSxS\amd64_microsoft.windows.common-controls_6595b64144ccf1df_6.0.19041.5915_none_60b4b9d171f9c7c7;C:\Program Files\Android\Android Studio\jbr\bin\server;C:\Users\Admin\.gradle\native\1def1411415f61bf3af743bc5b6707747c0891f09f0c88961ee8f79bc544acac\windows-amd64;C:\Users\Admin\.gradle\native\0.2.7\x86_64-windows-gnu

VM Arguments:
jvm_args: --add-opens=java.base/java.lang=ALL-UNNAMED --add-opens=java.base/java.lang.invoke=ALL-UNNAMED --add-opens=java.base/java.util=ALL-UNNAMED --add-opens=java.prefs/java.util.prefs=ALL-UNNAMED --add-exports=jdk.compiler/com.sun.tools.javac.api=ALL-UNNAMED --add-exports=jdk.compiler/com.sun.tools.javac.util=ALL-UNNAMED --add-opens=java.base/java.util=ALL-UNNAMED --add-opens=java.prefs/java.util.prefs=ALL-UNNAMED --add-opens=java.base/java.nio.charset=ALL-UNNAMED --add-opens=java.base/java.net=ALL-UNNAMED --add-opens=java.base/java.util.concurrent.atomic=ALL-UNNAMED --add-opens=java.xml/javax.xml.namespace=ALL-UNNAMED -Xmx2048m -Dfile.encoding=UTF-8 -Duser.country=RU -Duser.language=ru -Duser.variant -javaagent:C:\Users\Admin\.gradle\wrapper\dists\gradle-9.0-milestone-1-bin\3vdepk4s12bybhohyuvjcm1bd\gradle-9.0-milestone-1\lib\agents\gradle-instrumentation-agent-9.0.jar 
java_command: org.gradle.launcher.daemon.bootstrap.GradleDaemon 9.0-milestone-1
java_class_path (initial): C:\Users\Admin\.gradle\wrapper\dists\gradle-9.0-milestone-1-bin\3vdepk4s12bybhohyuvjcm1bd\gradle-9.0-milestone-1\lib\gradle-daemon-main-9.0.jar
Launcher Type: SUN_STANDARD

[Global flags]
     intx CICompilerCount                          = 3                                         {product} {ergonomic}
     uint ConcGCThreads                            = 2                                         {product} {ergonomic}
     uint G1ConcRefinementThreads                  = 6                                         {product} {ergonomic}
   size_t G1HeapRegionSize                         = 1048576                                   {product} {ergonomic}
    uintx GCDrainStackTargetSize                   = 64                                        {product} {ergonomic}
   size_t InitialHeapSize                          = 268435456                                 {product} {ergonomic}
   size_t MarkStackSize                            = 4194304                                   {product} {ergonomic}
   size_t MaxHeapSize                              = 2147483648                                {product} {command line}
   size_t MaxNewSize                               = 1287651328                                {product} {ergonomic}
   size_t MinHeapDeltaBytes                        = 1048576                                   {product} {ergonomic}
   size_t MinHeapSize                              = 8388608                                   {product} {ergonomic}
    uintx NonNMethodCodeHeapSize                   = 5832780                                {pd product} {ergonomic}
    uintx NonProfiledCodeHeapSize                  = 122912730                              {pd product} {ergonomic}
    uintx ProfiledCodeHeapSize                     = 122912730                              {pd product} {ergonomic}
    uintx ReservedCodeCacheSize                    = 251658240                              {pd product} {ergonomic}
     bool SegmentedCodeCache                       = true                                      {product} {ergonomic}
   size_t SoftMaxHeapSize                          = 2147483648                             {manageable} {ergonomic}
     bool UseCompressedOops                        = true                           {product lp64_product} {ergonomic}
     bool UseG1GC                                  = true                                      {product} {ergonomic}
     bool UseLargePagesIndividualAllocation        = false                                  {pd product} {ergonomic}

Logging:
Log output configuration:
 #0: stdout all=warning uptime,level,tags foldmultilines=false
 #1: stderr all=off uptime,level,tags foldmultilines=false

Environment Variables:
JAVA_HOME=C:\Users\Admin\AppData\Local\Programs\Eclipse Adoptium\jdk-17.0.15.6-hotspot
PATH=C:\Windows\system32;C:\Windows;C:\Windows\System32\Wbem;C:\Windows\System32\WindowsPowerShell\v1.0\;C:\Windows\System32\OpenSSH\;C:\Program Files\Git\cmd;C:\Users\Admin\AppData\Local\Microsoft\WindowsApps;C:\MinGW\bin;C:\Program Files\CMake\bin;C:\Program Files\Ninja\;C:\Program Files (x86)\GnuWin32\bin
USERNAME=Admin
OS=Windows_NT
PROCESSOR_IDENTIFIER=Intel64 Family 6 Model 151 Stepping 5, GenuineIntel
TMP=C:\Users\Admin\AppData\Local\Temp
TEMP=C:\Users\Admin\AppData\Local\Temp




Periodic native trim disabled

JNI global refs:
JNI global refs: 23, weak refs: 0

JNI global refs memory usage: 835, weak refs: 201

Process memory usage:
Resident Set Size: 197904K (1% of 16776244K total physical memory with 8744844K free physical memory)

OOME stack traces (most recent first):
Classloader memory used:
Loader bootstrap                                                                       : 16405K
Loader org.gradle.internal.classloader.VisitableURLClassLoader                         : 12063K
Loader org.gradle.initialization.MixInLegacyTypesClassLoader                           : 1817K
Loader jdk.internal.loader.ClassLoaders$AppClassLoader                                 : 237K
Loader jdk.internal.loader.ClassLoaders$PlatformClassLoader                            : 148K

Classes loaded by more than one classloader:
Class org.gradle.internal.classloader.FilteringClassLoader                            : loaded 2 times (x 101B)
Class org.gradle.internal.classloader.ClassLoaderHierarchy                            : loaded 2 times (x 66B)
Class org.gradle.api.internal.classpath.ManifestUtil                                  : loaded 2 times (x 67B)
Class org.gradle.internal.classloader.DefaultClassLoaderFactory                       : loaded 2 times (x 78B)
Class org.gradle.internal.classloader.ClassLoaderVisitor                              : loaded 2 times (x 72B)
Class org.gradle.api.internal.classpath.EffectiveClassPath                            : loaded 2 times (x 86B)
Class org.gradle.api.internal.DefaultClassPathProvider                                : loaded 2 times (x 72B)
Class [Lorg.gradle.api.internal.ClassPathProvider;                                    : loaded 2 times (x 65B)
Class org.gradle.api.internal.ClassPathProvider                                       : loaded 2 times (x 66B)
Class org.gradle.internal.service.UnknownServiceException                             : loaded 2 times (x 79B)
Class org.gradle.internal.classpath.TransformedClassPath                              : loaded 2 times (x 92B)
Class org.gradle.internal.classloader.InstrumentingClassLoader                        : loaded 2 times (x 66B)
Class org.gradle.internal.service.ServiceLocator                                      : loaded 2 times (x 66B)
Class org.gradle.internal.InternalTransformer                                         : loaded 2 times (x 66B)
Class org.gradle.internal.classloader.ClasspathUtil$1                                 : loaded 2 times (x 72B)
Class org.gradle.api.internal.classpath.DefaultModuleRegistry$DefaultModule           : loaded 2 times (x 82B)
Class org.gradle.api.internal.classpath.Module                                        : loaded 2 times (x 66B)
Class org.gradle.api.internal.classpath.UnknownModuleException                        : loaded 2 times (x 78B)
Class org.gradle.api.internal.DefaultClassPathRegistry                                : loaded 2 times (x 72B)
Class org.gradle.api.internal.ClassPathRegistry                                       : loaded 2 times (x 66B)
Class org.gradle.internal.classpath.DefaultClassPath$ImmutableUniqueList              : loaded 2 times (x 195B)
Class org.gradle.internal.classpath.ClassPath                                         : loaded 2 times (x 66B)
Class org.gradle.api.UncheckedIOException                                             : loaded 2 times (x 78B)
Class org.gradle.internal.installation.GradleInstallation$1                           : loaded 2 times (x 71B)
Class org.gradle.api.internal.classpath.ModuleRegistry                                : loaded 2 times (x 66B)
Class org.gradle.api.internal.classpath.DefaultModuleRegistry                         : loaded 2 times (x 82B)
Class org.gradle.internal.service.ServiceLookupException                              : loaded 2 times (x 78B)
Class org.gradle.internal.classloader.ClassLoaderFactory                              : loaded 2 times (x 66B)
Class org.gradle.internal.service.CachingServiceLocator                               : loaded 2 times (x 78B)
Class org.gradle.internal.classloader.ClasspathUtil                                   : loaded 2 times (x 67B)
Class org.gradle.api.specs.Spec                                                       : loaded 2 times (x 66B)
Class org.gradle.internal.classloader.VisitableURLClassLoader$InstrumentingVisitableURLClassLoader: loaded 2 times (x 119B)
Class org.gradle.internal.classloader.VisitableURLClassLoader$Spec                    : loaded 2 times (x 70B)
Class org.gradle.internal.classpath.DefaultClassPath                                  : loaded 2 times (x 86B)
Class org.gradle.internal.classloader.ClassLoaderSpec                                 : loaded 2 times (x 67B)
Class org.gradle.internal.classloader.VisitableURLClassLoader                         : loaded 2 times (x 113B)
Class org.gradle.internal.Cast                                                        : loaded 2 times (x 67B)
Class org.gradle.api.Action                                                           : loaded 2 times (x 66B)
Class org.gradle.internal.classpath.DefaultClassPath$ImmutableUniqueList$Builder      : loaded 2 times (x 71B)
Class org.gradle.api.GradleException                                                  : loaded 2 times (x 78B)
Class org.gradle.internal.IoActions                                                   : loaded 2 times (x 67B)
Class org.gradle.internal.classloader.SystemClassLoaderSpec                           : loaded 2 times (x 67B)
Class org.gradle.api.internal.classpath.GlobalCacheRootsProvider                      : loaded 2 times (x 66B)
Class org.gradle.internal.installation.CurrentGradleInstallationLocator               : loaded 2 times (x 67B)
Class org.gradle.internal.service.DefaultServiceLocator                               : loaded 2 times (x 79B)
Class org.gradle.internal.installation.CurrentGradleInstallation                      : loaded 2 times (x 69B)
Class org.gradle.util.internal.GUtil                                                  : loaded 2 times (x 67B)
Class org.gradle.internal.installation.GradleInstallation                             : loaded 2 times (x 71B)

---------------  S Y S T E M  ---------------

OS:
 Windows 10 , 64 bit Build 19041 (10.0.19041.5915)
OS uptime: 0 days 0:02 hours
Hyper-V role detected

CPU: total 6 (initial active 6) (6 cores per cpu, 1 threads per core) family 6 model 151 stepping 5 microcode 0x2e, cx8, cmov, fxsr, mmx, 3dnowpref, sse, sse2, sse3, ssse3, sse4.1, sse4.2, popcnt, lzcnt, tsc, tscinvbit, avx, avx2, aes, erms, clmul, bmi1, bmi2, adx, sha, fma, vzeroupper, clflush, clflushopt, clwb, hv, rdtscp, rdpid, fsrm, f16c, cet_ss
Processor Information for the first 6 processors :
  Max Mhz: 2496, Current Mhz: 2496, Mhz Limit: 2496

Memory: 4k page, system-wide physical 16383M (8539M free)
TotalPageFile size 16483M (AvailPageFile size 8769M)
current process WorkingSet (physical memory assigned to process): 193M, peak: 193M
current process commit charge ("private bytes"): 232M, peak: 379M

vm_info: OpenJDK 64-Bit Server VM (21.0.6+-13391695-b895.109) for windows-amd64 JRE (21.0.6+-13391695-b895.109), built on 2025-04-22T21:19:17Z by "builder" with MS VC++ 16.10 / 16.11 (VS2019)

END.
